// Vitest Snapshot v1, https://vitest.dev/guide/snapshot.html

exports[`Login renders correctly 1`] = `
<div>
  <h1>
    Login
  </h1>
  <a
    href="/"
    onClick={[Function]}
  >
    Dashboard
  </a>
</div>
`;
